Loading checkpoint shards:   0%|          | 0/2 [00:00<?, ?it/s]Loading checkpoint shards:  50%|█████     | 1/2 [00:01<00:01,  1.08s/it]Loading checkpoint shards: 100%|██████████| 2/2 [00:01<00:00,  1.55it/s]Loading checkpoint shards: 100%|██████████| 2/2 [00:01<00:00,  1.41it/s]
Loading checkpoint shards:   0%|          | 0/2 [00:00<?, ?it/s]Loading checkpoint shards:  50%|█████     | 1/2 [00:01<00:01,  1.27s/it]Loading checkpoint shards: 100%|██████████| 2/2 [00:01<00:00,  1.39it/s]Loading checkpoint shards: 100%|██████████| 2/2 [00:01<00:00,  1.25it/s]
{"progress": 10, "total": 200}
{"progress": 20, "total": 200}
{"progress": 30, "total": 200}
{"progress": 40, "total": 200}
{"progress": 50, "total": 200}
{"progress": 60, "total": 200}
{"progress": 70, "total": 200}
{"progress": 80, "total": 200}
{"progress": 90, "total": 200}
{"progress": 100, "total": 200}
{"progress": 110, "total": 200}
{"progress": 120, "total": 200}
{"progress": 130, "total": 200}
{"progress": 140, "total": 200}
{"progress": 150, "total": 200}
{"progress": 160, "total": 200}
{"progress": 170, "total": 200}
{"progress": 180, "total": 200}
{"progress": 190, "total": 200}
{"progress": 200, "total": 200}
{
  "auc": 0.5599,
  "fsr": 0.13,
  "threshold": 0.015057557266323837,
  "fpr": 0.05,
  "tpr": 0.13,
  "positive_count": 100,
  "negative_count": 100,
  "label": "evertracer_ba_trajectory_followup_20260907_historical_parent:step_000025",
  "suspect": "/root/autodl-tmp/WMKD_Benchmark_data/runs/evertracer_ba_trajectory/evertracer_ba_trajectory_followup_20260907_historical_parent/training/checkpoint-25",
  "reference": "/root/autodl-tmp/WMKD_Benchmark_data/runs/evertracer/evertracer_a_20260828_223155/checkpoints/reference_merged",
  "elapsed_seconds": 63.2057186961174,
  "peak_vram_bytes": 13040928256
}
