pnfp REMOTE_UNIQUENESS_INVENTORY
pnfp REMOTE_UNIQUENESS_INVENTORY
pnfp REMOTE_UNIQUENESS_INVENTORY
pnfp REMOTE_UNIQUENESS_INVENTORY
pnfp REMOTE_UNIQUENESS_INVENTORY
pnfp REMOTE_UNIQUENESS_INVENTORY
pnfp REMOTE_UNIQUENESS_INVENTORY
pnfp REMOTE_UNIQUENESS_INVENTORY
pnfp REMOTE_UNIQUENESS_INVENTORY
pnfp REMOTE_UNIQUENESS_INVENTORY
pnfp REMOTE_UNIQUENESS_INVENTORY
pnfp REMOTE_UNIQUENESS_INVENTORY
pnfp REMOTE_UNIQUENESS_INVENTORY
pnfp REMOTE_UNIQUENESS_INVENTORY
pnfp REMOTE_UNIQUENESS_INVENTORY
pnfp REMOTE_UNIQUENESS_INVENTORY
pnfp REMOTE_UNIQUENESS_INVENTORY
pnfp REMOTE_UNIQUENESS_INVENTORY
pnfp REMOTE_UNIQUENESS_INVENTORY
pnfp REMOTE_UNIQUENESS_INVENTORY
pnfp REMOTE_UNIQUENESS_INVENTORY
pnfp REMOTE_UNIQUENESS_INVENTORY
pnfp REMOTE_UNIQUENESS_INVENTORY
pnfp REMOTE_UNIQUENESS_INVENTORY
pnfp REMOTE_UNIQUENESS_INVENTORY
pnfp REMOTE_UNIQUENESS_INVENTORY
pnfp REMOTE_UNIQUENESS_INVENTORY
pnfp REMOTE_UNIQUENESS_INVENTORY
pnfp UPLOAD_PRIVATE
2026-09-09 20:43:40,372 | INFO    | modelscope_hub.upload | Preparing files to upload ...
2026-09-09 20:43:40,376 | INFO    | modelscope_hub.upload | Prepared 16 files for upload.
2026-09-09 20:43:40,376 | INFO    | modelscope_hub.upload | Checking 16 files to upload ...
2026-09-09 20:43:40,433 | INFO    | modelscope_hub.upload | Adaptive batch size: 16 (for 16 files)
2026-09-09 20:43:40,434 | INFO    | modelscope_hub.upload | Scan complete: 16 total, 0 committed (skip), 16 to process.
2026-09-09 20:43:40,434 | INFO    | modelscope_hub.upload | Uploading 16 file(s) in 1 batch(es) of size 16 (pipeline mode).
2026-09-09 20:43:40,718 | INFO    | modelscope_hub.upload | Blob 8831e4f1 already exists globally, reuse.
2026-09-09 20:43:40,979 | INFO    | modelscope_hub.upload | Blob 145191e3 already exists globally, reuse.
2026-09-09 20:43:41,031 | INFO    | modelscope_hub.upload | Blob ca10d7e9 already exists globally, reuse.
2026-09-09 20:55:10,710 | INFO    | modelscope_hub.upload | Batch 1/1: committed 16 file(s).
============================================================
Upload Report
------------------------------------------------------------
  Total files       : 16
  Skipped (cached)  : 0
  Normal committed  : 11
  LFS existed       : 3
  LFS uploaded PUT  : 2
  Failed            : 0
  Committed         : 16
  Deleted (sync)    : 0
  Elapsed           : 690.3s
============================================================
pnfp INDEPENDENT_VERIFY
pnfp REMOTE_SEGMENT_VERIFIED
pnfp REMOTE_SEGMENT_VERIFIED
pnfp REMOTE_SEGMENT_VERIFIED
pnfp REMOTE_SEGMENT_VERIFIED
pnfp REMOTE_SEGMENT_VERIFIED
pnfp REMOTE_SEGMENT_VERIFIED
pnfp REMOTE_SEGMENT_VERIFIED
pnfp REMOTE_SEGMENT_VERIFIED
pnfp REMOTE_SEGMENT_VERIFIED
pnfp REMOTE_SEGMENT_VERIFIED
pnfp COMPLETE
evertracer REMOTE_UNIQUENESS_INVENTORY
evertracer REMOTE_UNIQUENESS_INVENTORY
evertracer REMOTE_UNIQUENESS_INVENTORY
evertracer REMOTE_UNIQUENESS_INVENTORY
evertracer REMOTE_UNIQUENESS_INVENTORY
evertracer REMOTE_UNIQUENESS_INVENTORY
evertracer REMOTE_UNIQUENESS_INVENTORY
evertracer REMOTE_UNIQUENESS_INVENTORY
evertracer REMOTE_UNIQUENESS_INVENTORY
evertracer REMOTE_UNIQUENESS_INVENTORY
evertracer REMOTE_UNIQUENESS_INVENTORY
evertracer REMOTE_UNIQUENESS_INVENTORY
evertracer REMOTE_UNIQUENESS_INVENTORY
evertracer REMOTE_UNIQUENESS_INVENTORY
evertracer REMOTE_UNIQUENESS_INVENTORY
evertracer REMOTE_UNIQUENESS_INVENTORY
evertracer REMOTE_UNIQUENESS_INVENTORY
evertracer REMOTE_UNIQUENESS_INVENTORY
evertracer REMOTE_UNIQUENESS_INVENTORY
evertracer REMOTE_UNIQUENESS_INVENTORY
evertracer REMOTE_UNIQUENESS_INVENTORY
evertracer REMOTE_UNIQUENESS_INVENTORY
evertracer REMOTE_UNIQUENESS_INVENTORY
evertracer REMOTE_UNIQUENESS_INVENTORY
evertracer REMOTE_UNIQUENESS_INVENTORY
evertracer REMOTE_UNIQUENESS_INVENTORY
evertracer REMOTE_UNIQUENESS_INVENTORY
evertracer REMOTE_UNIQUENESS_INVENTORY
evertracer REMOTE_UNIQUENESS_INVENTORY
evertracer UPLOAD_PRIVATE
2026-09-09 21:45:08,704 | INFO    | modelscope_hub.upload | Preparing files to upload ...
2026-09-09 21:45:08,708 | INFO    | modelscope_hub.upload | Prepared 16 files for upload.
2026-09-09 21:45:08,708 | INFO    | modelscope_hub.upload | Checking 16 files to upload ...
2026-09-09 21:45:08,763 | INFO    | modelscope_hub.upload | Adaptive batch size: 16 (for 16 files)
2026-09-09 21:45:08,764 | INFO    | modelscope_hub.upload | Scan complete: 16 total, 0 committed (skip), 16 to process.
2026-09-09 21:45:08,764 | INFO    | modelscope_hub.upload | Uploading 16 file(s) in 1 batch(es) of size 16 (pipeline mode).
2026-09-09 21:45:09,056 | INFO    | modelscope_hub.upload | Blob 8831e4f1 already exists globally, reuse.
2026-09-09 21:45:09,263 | INFO    | modelscope_hub.upload | Blob 145191e3 already exists globally, reuse.
2026-09-09 21:45:09,305 | INFO    | modelscope_hub.upload | Blob ca10d7e9 already exists globally, reuse.
2026-09-09 21:54:04,856 | INFO    | modelscope_hub.upload | Batch 1/1: committed 16 file(s).
============================================================
Upload Report
------------------------------------------------------------
  Total files       : 16
  Skipped (cached)  : 0
  Normal committed  : 11
  LFS existed       : 3
  LFS uploaded PUT  : 2
  Failed            : 0
  Committed         : 16
  Deleted (sync)    : 0
  Elapsed           : 536.2s
============================================================
evertracer INDEPENDENT_VERIFY
evertracer REMOTE_SEGMENT_VERIFIED
evertracer REMOTE_SEGMENT_VERIFIED
evertracer REMOTE_SEGMENT_VERIFIED
evertracer REMOTE_SEGMENT_VERIFIED
evertracer REMOTE_SEGMENT_VERIFIED
evertracer REMOTE_SEGMENT_VERIFIED
evertracer REMOTE_SEGMENT_VERIFIED
evertracer REMOTE_SEGMENT_VERIFIED
evertracer REMOTE_SEGMENT_VERIFIED
evertracer REMOTE_SEGMENT_VERIFIED
evertracer COMPLETE
ctcc REMOTE_UNIQUENESS_INVENTORY
ctcc REMOTE_UNIQUENESS_INVENTORY
ctcc REMOTE_UNIQUENESS_INVENTORY
ctcc REMOTE_UNIQUENESS_INVENTORY
ctcc REMOTE_UNIQUENESS_INVENTORY
ctcc REMOTE_UNIQUENESS_INVENTORY
ctcc REMOTE_UNIQUENESS_INVENTORY
ctcc REMOTE_UNIQUENESS_INVENTORY
ctcc REMOTE_UNIQUENESS_INVENTORY
ctcc REMOTE_UNIQUENESS_INVENTORY
ctcc REMOTE_UNIQUENESS_INVENTORY
ctcc REMOTE_UNIQUENESS_INVENTORY
ctcc REMOTE_UNIQUENESS_INVENTORY
ctcc REMOTE_UNIQUENESS_INVENTORY
ctcc REMOTE_UNIQUENESS_INVENTORY
ctcc REMOTE_UNIQUENESS_INVENTORY
ctcc REMOTE_UNIQUENESS_INVENTORY
ctcc REMOTE_UNIQUENESS_INVENTORY
ctcc REMOTE_UNIQUENESS_INVENTORY
ctcc REMOTE_UNIQUENESS_INVENTORY
ctcc REMOTE_UNIQUENESS_INVENTORY
ctcc REMOTE_UNIQUENESS_INVENTORY
ctcc REMOTE_UNIQUENESS_INVENTORY
ctcc REMOTE_UNIQUENESS_INVENTORY
ctcc REMOTE_UNIQUENESS_INVENTORY
ctcc REMOTE_UNIQUENESS_INVENTORY
ctcc REMOTE_UNIQUENESS_INVENTORY
ctcc REMOTE_UNIQUENESS_INVENTORY
ctcc REMOTE_UNIQUENESS_INVENTORY
ctcc REMOTE_UNIQUENESS_INVENTORY
ctcc UPLOAD_PRIVATE
2026-09-09 22:43:15,449 | INFO    | modelscope_hub.upload | Preparing files to upload ...
2026-09-09 22:43:15,457 | INFO    | modelscope_hub.upload | Prepared 16 files for upload.
2026-09-09 22:43:15,457 | INFO    | modelscope_hub.upload | Checking 16 files to upload ...
2026-09-09 22:43:15,510 | INFO    | modelscope_hub.upload | Adaptive batch size: 16 (for 16 files)
2026-09-09 22:43:15,511 | INFO    | modelscope_hub.upload | Scan complete: 16 total, 0 committed (skip), 16 to process.
2026-09-09 22:43:15,511 | INFO    | modelscope_hub.upload | Uploading 16 file(s) in 1 batch(es) of size 16 (pipeline mode).
2026-09-09 22:43:15,823 | INFO    | modelscope_hub.upload | Blob 8831e4f1 already exists globally, reuse.
2026-09-09 22:43:15,968 | INFO    | modelscope_hub.upload | Blob 145191e3 already exists globally, reuse.
2026-09-09 22:43:16,122 | INFO    | modelscope_hub.upload | Blob ca10d7e9 already exists globally, reuse.
2026-09-09 22:52:12,103 | INFO    | modelscope_hub.upload | Batch 1/1: committed 16 file(s).
============================================================
Upload Report
------------------------------------------------------------
  Total files       : 16
  Skipped (cached)  : 0
  Normal committed  : 11
  LFS existed       : 3
  LFS uploaded PUT  : 2
  Failed            : 0
  Committed         : 16
  Deleted (sync)    : 0
  Elapsed           : 536.7s
============================================================
ctcc INDEPENDENT_VERIFY
ctcc REMOTE_SEGMENT_VERIFIED
ctcc REMOTE_SEGMENT_VERIFIED
ctcc REMOTE_SEGMENT_VERIFIED
ctcc REMOTE_SEGMENT_VERIFIED
ctcc REMOTE_SEGMENT_VERIFIED
ctcc REMOTE_SEGMENT_VERIFIED
ctcc REMOTE_SEGMENT_VERIFIED
ctcc REMOTE_SEGMENT_VERIFIED
ctcc REMOTE_SEGMENT_VERIFIED
ctcc REMOTE_SEGMENT_VERIFIED
ctcc COMPLETE
iseal REMOTE_UNIQUENESS_INVENTORY
iseal REMOTE_UNIQUENESS_INVENTORY
iseal REMOTE_UNIQUENESS_INVENTORY
iseal REMOTE_UNIQUENESS_INVENTORY
iseal REMOTE_UNIQUENESS_INVENTORY
iseal REMOTE_UNIQUENESS_INVENTORY
iseal REMOTE_UNIQUENESS_INVENTORY
iseal REMOTE_UNIQUENESS_INVENTORY
iseal REMOTE_UNIQUENESS_INVENTORY
iseal REMOTE_UNIQUENESS_INVENTORY
iseal REMOTE_UNIQUENESS_INVENTORY
iseal REMOTE_UNIQUENESS_INVENTORY
iseal REMOTE_UNIQUENESS_INVENTORY
iseal REMOTE_UNIQUENESS_INVENTORY
iseal REMOTE_UNIQUENESS_INVENTORY
iseal REMOTE_UNIQUENESS_INVENTORY
iseal REMOTE_UNIQUENESS_INVENTORY
iseal REMOTE_UNIQUENESS_INVENTORY
iseal REMOTE_UNIQUENESS_INVENTORY
iseal REMOTE_UNIQUENESS_INVENTORY
iseal REMOTE_UNIQUENESS_INVENTORY
iseal REMOTE_UNIQUENESS_INVENTORY
iseal REMOTE_UNIQUENESS_INVENTORY
iseal REMOTE_UNIQUENESS_INVENTORY
iseal REMOTE_UNIQUENESS_INVENTORY
iseal REMOTE_UNIQUENESS_INVENTORY
iseal REMOTE_UNIQUENESS_INVENTORY
iseal REMOTE_UNIQUENESS_INVENTORY
iseal REMOTE_UNIQUENESS_INVENTORY
iseal REMOTE_UNIQUENESS_INVENTORY
iseal REMOTE_UNIQUENESS_INVENTORY
iseal UPLOAD_PRIVATE
2026-09-09 23:38:29,152 | INFO    | modelscope_hub.upload | Preparing files to upload ...
2026-09-09 23:38:29,155 | INFO    | modelscope_hub.upload | Prepared 16 files for upload.
2026-09-09 23:38:29,155 | INFO    | modelscope_hub.upload | Checking 16 files to upload ...
2026-09-09 23:38:29,212 | INFO    | modelscope_hub.upload | Adaptive batch size: 16 (for 16 files)
2026-09-09 23:38:29,213 | INFO    | modelscope_hub.upload | Scan complete: 16 total, 0 committed (skip), 16 to process.
2026-09-09 23:38:29,213 | INFO    | modelscope_hub.upload | Uploading 16 file(s) in 1 batch(es) of size 16 (pipeline mode).
2026-09-09 23:38:29,509 | INFO    | modelscope_hub.upload | Blob 8831e4f1 already exists globally, reuse.
2026-09-09 23:38:29,661 | INFO    | modelscope_hub.upload | Blob 145191e3 already exists globally, reuse.
2026-09-09 23:38:29,676 | INFO    | modelscope_hub.upload | Blob ca10d7e9 already exists globally, reuse.
2026-09-09 23:47:24,215 | INFO    | modelscope_hub.upload | Batch 1/1: committed 16 file(s).
============================================================
Upload Report
------------------------------------------------------------
  Total files       : 16
  Skipped (cached)  : 0
  Normal committed  : 11
  LFS existed       : 3
  LFS uploaded PUT  : 2
  Failed            : 0
  Committed         : 16
  Deleted (sync)    : 0
  Elapsed           : 535.1s
============================================================
iseal INDEPENDENT_VERIFY
iseal REMOTE_SEGMENT_VERIFIED
iseal REMOTE_SEGMENT_VERIFIED
iseal REMOTE_SEGMENT_VERIFIED
iseal REMOTE_SEGMENT_VERIFIED
iseal REMOTE_SEGMENT_VERIFIED
iseal REMOTE_SEGMENT_VERIFIED
iseal REMOTE_SEGMENT_VERIFIED
iseal REMOTE_SEGMENT_VERIFIED
iseal REMOTE_SEGMENT_VERIFIED
iseal REMOTE_SEGMENT_VERIFIED
iseal COMPLETE
scw REMOTE_UNIQUENESS_INVENTORY
scw REMOTE_UNIQUENESS_INVENTORY
scw REMOTE_UNIQUENESS_INVENTORY
scw REMOTE_UNIQUENESS_INVENTORY
scw REMOTE_UNIQUENESS_INVENTORY
scw REMOTE_UNIQUENESS_INVENTORY
scw REMOTE_UNIQUENESS_INVENTORY
scw REMOTE_UNIQUENESS_INVENTORY
scw REMOTE_UNIQUENESS_INVENTORY
scw REMOTE_UNIQUENESS_INVENTORY
scw REMOTE_UNIQUENESS_INVENTORY
scw REMOTE_UNIQUENESS_INVENTORY
scw REMOTE_UNIQUENESS_INVENTORY
scw REMOTE_UNIQUENESS_INVENTORY
scw REMOTE_UNIQUENESS_INVENTORY
scw REMOTE_UNIQUENESS_INVENTORY
scw REMOTE_UNIQUENESS_INVENTORY
scw REMOTE_UNIQUENESS_INVENTORY
scw REMOTE_UNIQUENESS_INVENTORY
scw REMOTE_UNIQUENESS_INVENTORY
scw REMOTE_UNIQUENESS_INVENTORY
scw REMOTE_UNIQUENESS_INVENTORY
scw REMOTE_UNIQUENESS_INVENTORY
scw REMOTE_UNIQUENESS_INVENTORY
scw REMOTE_UNIQUENESS_INVENTORY
scw REMOTE_UNIQUENESS_INVENTORY
scw REMOTE_UNIQUENESS_INVENTORY
scw REMOTE_UNIQUENESS_INVENTORY
scw REMOTE_UNIQUENESS_INVENTORY
scw REMOTE_UNIQUENESS_INVENTORY
scw REMOTE_UNIQUENESS_INVENTORY
scw REMOTE_UNIQUENESS_INVENTORY
scw UPLOAD_PRIVATE
2026-09-10 00:47:23,186 | INFO    | modelscope_hub.upload | Preparing files to upload ...
2026-09-10 00:47:23,189 | INFO    | modelscope_hub.upload | Prepared 16 files for upload.
2026-09-10 00:47:23,189 | INFO    | modelscope_hub.upload | Checking 16 files to upload ...
2026-09-10 00:47:23,244 | INFO    | modelscope_hub.upload | Adaptive batch size: 16 (for 16 files)
2026-09-10 00:47:23,244 | INFO    | modelscope_hub.upload | Scan complete: 16 total, 0 committed (skip), 16 to process.
2026-09-10 00:47:23,244 | INFO    | modelscope_hub.upload | Uploading 16 file(s) in 1 batch(es) of size 16 (pipeline mode).
2026-09-10 00:47:23,522 | INFO    | modelscope_hub.upload | Blob 8831e4f1 already exists globally, reuse.
2026-09-10 00:47:23,628 | INFO    | modelscope_hub.upload | Blob 145191e3 already exists globally, reuse.
2026-09-10 00:47:23,728 | INFO    | modelscope_hub.upload | Blob ca10d7e9 already exists globally, reuse.
2026-09-10 00:56:19,690 | INFO    | modelscope_hub.upload | Batch 1/1: committed 16 file(s).
============================================================
Upload Report
------------------------------------------------------------
  Total files       : 16
  Skipped (cached)  : 0
  Normal committed  : 11
  LFS existed       : 3
  LFS uploaded PUT  : 2
  Failed            : 0
  Committed         : 16
  Deleted (sync)    : 0
  Elapsed           : 536.5s
============================================================
scw INDEPENDENT_VERIFY
scw REMOTE_SEGMENT_VERIFIED
scw REMOTE_SEGMENT_VERIFIED
scw REMOTE_SEGMENT_VERIFIED
scw REMOTE_SEGMENT_VERIFIED
scw REMOTE_SEGMENT_VERIFIED
scw REMOTE_SEGMENT_VERIFIED
scw REMOTE_SEGMENT_VERIFIED
scw REMOTE_SEGMENT_VERIFIED
scw REMOTE_SEGMENT_VERIFIED
scw REMOTE_SEGMENT_VERIFIED
scw COMPLETE
